../Inc/RTOS/rtos.c:8:6:createTask	16	static
../Inc/RTOS/rtos.c:13:6:init_systick_timer	16	static
../Inc/RTOS/rtos.c:18:29:init_scheduler_stack	0	static,ignoring_inline_asm
../Inc/RTOS/rtos.c:23:6:init_task_stack	32	static
../Inc/RTOS/rtos.c:46:6:enable_rpocessor_faults	4	static
../Inc/RTOS/rtos.c:50:10:get_psp_value	4	static
../Inc/RTOS/rtos.c:54:6:save_psp_value	16	static
../Inc/RTOS/rtos.c:58:6:update_next_task	16	static
../Inc/RTOS/rtos.c:71:29:swich_sp_to_psp	0	static,ignoring_inline_asm
../Inc/RTOS/rtos.c:84:6:task_delay	16	static,ignoring_inline_asm
../Inc/RTOS/rtos.c:96:6:unblock_task	16	static
../Inc/RTOS/rtos.c:106:6:rtosInit	16	static
../Inc/RTOS/rtos.c:115:6:suspenTask	4	static
../Inc/RTOS/rtos.c:119:6:resumeTask	4	static
../Inc/RTOS/rtos.c:123:6:HardFault_Handler	8	static
../Inc/RTOS/rtos.c:128:6:MemManage_Handler	8	static
../Inc/RTOS/rtos.c:133:6:BusFault_Handler	8	static
../Inc/RTOS/rtos.c:138:29:PendSV_Handler	0	static,ignoring_inline_asm
../Inc/RTOS/rtos.c:154:6:SysTick_Handler	8	static
