../Inc/RTOS/rtos.c:9:6:createTask	16	static
../Inc/RTOS/rtos.c:14:6:init_systick_timer	16	static
../Inc/RTOS/rtos.c:19:29:init_scheduler_stack	0	static,ignoring_inline_asm
../Inc/RTOS/rtos.c:24:6:init_task_stack	32	static
../Inc/RTOS/rtos.c:49:6:enable_rpocessor_faults	4	static
../Inc/RTOS/rtos.c:53:10:get_psp_value	4	static
../Inc/RTOS/rtos.c:57:6:save_psp_value	16	static
../Inc/RTOS/rtos.c:61:6:update_next_task	16	static
../Inc/RTOS/rtos.c:76:29:swich_sp_to_psp	0	static,ignoring_inline_asm
../Inc/RTOS/rtos.c:89:6:task_delay	16	static,ignoring_inline_asm
../Inc/RTOS/rtos.c:101:6:unblock_task	16	static
../Inc/RTOS/rtos.c:111:6:HardFault_Handler	8	static
../Inc/RTOS/rtos.c:116:6:MemManage_Handler	8	static
../Inc/RTOS/rtos.c:121:6:BusFault_Handler	8	static
../Inc/RTOS/rtos.c:126:29:PendSV_Handler	0	static,ignoring_inline_asm
../Inc/RTOS/rtos.c:142:6:SysTick_Handler	8	static
