../Inc/RTOS/rtos.c:8:6:createTask	16	static
../Inc/RTOS/rtos.c:14:6:init_systick_timer	16	static
../Inc/RTOS/rtos.c:19:29:init_scheduler_stack	0	static,ignoring_inline_asm
../Inc/RTOS/rtos.c:24:6:init_task_stack	32	static
../Inc/RTOS/rtos.c:47:6:enable_rpocessor_faults	4	static
../Inc/RTOS/rtos.c:51:10:get_psp_value	4	static
../Inc/RTOS/rtos.c:55:6:save_psp_value	16	static
../Inc/RTOS/rtos.c:59:6:update_next_task	16	static
../Inc/RTOS/rtos.c:72:29:swich_sp_to_psp	0	static,ignoring_inline_asm
../Inc/RTOS/rtos.c:85:6:task_delay	16	static,ignoring_inline_asm
../Inc/RTOS/rtos.c:97:6:unblock_task	16	static
../Inc/RTOS/rtos.c:108:6:rtosInit	16	static
../Inc/RTOS/rtos.c:117:6:suspenTask	24	static
../Inc/RTOS/rtos.c:126:6:resumeTask	24	static
../Inc/RTOS/rtos.c:135:6:HardFault_Handler	8	static
../Inc/RTOS/rtos.c:140:6:MemManage_Handler	8	static
../Inc/RTOS/rtos.c:145:6:BusFault_Handler	8	static
../Inc/RTOS/rtos.c:150:29:PendSV_Handler	0	static,ignoring_inline_asm
../Inc/RTOS/rtos.c:166:6:SysTick_Handler	16	static
