../Inc/RTOS/rtos.c:10:6:createTask	16	static
../Inc/RTOS/rtos.c:17:6:init_systick_timer	16	static
../Inc/RTOS/rtos.c:22:29:init_scheduler_stack	0	static,ignoring_inline_asm
../Inc/RTOS/rtos.c:27:6:swap	32	static
../Inc/RTOS/rtos.c:33:6:sortTasks	24	static
../Inc/RTOS/rtos.c:43:6:init_task_stack	32	static
../Inc/RTOS/rtos.c:70:6:enable_rpocessor_faults	4	static
../Inc/RTOS/rtos.c:74:10:get_psp_value	4	static
../Inc/RTOS/rtos.c:78:6:save_psp_value	16	static
../Inc/RTOS/rtos.c:82:6:update_next_task	16	static
../Inc/RTOS/rtos.c:95:29:swich_sp_to_psp	0	static,ignoring_inline_asm
../Inc/RTOS/rtos.c:108:6:task_delay	16	static,ignoring_inline_asm
../Inc/RTOS/rtos.c:120:6:unblock_task	16	static
../Inc/RTOS/rtos.c:131:6:rtosInit	16	static
../Inc/RTOS/rtos.c:141:6:suspenTask	24	static
../Inc/RTOS/rtos.c:151:6:resumeTask	24	static
../Inc/RTOS/rtos.c:161:8:QueueCreate	24	static
../Inc/RTOS/rtos.c:175:6:QueueDelete	16	static
../Inc/RTOS/rtos.c:181:6:QueueSendToFront	32	static
../Inc/RTOS/rtos.c:196:6:QueueSend	32	static
../Inc/RTOS/rtos.c:209:6:QueueReceive	24	static
../Inc/RTOS/rtos.c:223:6:HardFault_Handler	8	static
../Inc/RTOS/rtos.c:228:6:MemManage_Handler	8	static
../Inc/RTOS/rtos.c:233:6:BusFault_Handler	8	static
../Inc/RTOS/rtos.c:238:29:PendSV_Handler	0	static,ignoring_inline_asm
../Inc/RTOS/rtos.c:254:6:SysTick_Handler	16	static
