../Inc/RTOS/rtos.c:11:8:vQueueCreate	24	static
../Inc/RTOS/rtos.c:23:6:vQueueDelete	16	static
../Inc/RTOS/rtos.c:29:6:vQueueSendToFront	32	static
../Inc/RTOS/rtos.c:42:6:vQueueSend	32	static
../Inc/RTOS/rtos.c:54:6:vQueueReceive	24	static
../Inc/RTOS/rtos.c:66:6:createTask	16	static
../Inc/RTOS/rtos.c:72:6:init_systick_timer	16	static
../Inc/RTOS/rtos.c:77:29:init_scheduler_stack	0	static,ignoring_inline_asm
../Inc/RTOS/rtos.c:82:6:init_task_stack	32	static
../Inc/RTOS/rtos.c:108:6:enable_rpocessor_faults	4	static
../Inc/RTOS/rtos.c:112:10:get_psp_value	4	static
../Inc/RTOS/rtos.c:116:6:save_psp_value	16	static
../Inc/RTOS/rtos.c:120:6:update_next_task	16	static
../Inc/RTOS/rtos.c:133:29:swich_sp_to_psp	0	static,ignoring_inline_asm
../Inc/RTOS/rtos.c:146:6:task_delay	16	static,ignoring_inline_asm
../Inc/RTOS/rtos.c:158:6:unblock_task	16	static
../Inc/RTOS/rtos.c:169:6:rtosInit	16	static
../Inc/RTOS/rtos.c:179:6:suspenTask	24	static
../Inc/RTOS/rtos.c:189:6:resumeTask	24	static
../Inc/RTOS/rtos.c:199:6:HardFault_Handler	8	static
../Inc/RTOS/rtos.c:204:6:MemManage_Handler	8	static
../Inc/RTOS/rtos.c:209:6:BusFault_Handler	8	static
../Inc/RTOS/rtos.c:214:29:PendSV_Handler	0	static,ignoring_inline_asm
../Inc/RTOS/rtos.c:230:6:SysTick_Handler	16	static
